mode: set
github.com/ngelik/ttsbuddy-cli/main.go:5.13,7.2 1 0
github.com/ngelik/ttsbuddy-cli/internal/markdown/strip.go:31.33,52.2 17 1
github.com/ngelik/ttsbuddy-cli/internal/config/config.go:46.34,48.2 1 1
github.com/ngelik/ttsbuddy-cli/internal/config/config.go:56.42,56.58 1 0
github.com/ngelik/ttsbuddy-cli/internal/config/config.go:59.34,61.16 2 1
github.com/ngelik/ttsbuddy-cli/internal/config/config.go:61.16,63.3 1 0
github.com/ngelik/ttsbuddy-cli/internal/config/config.go:64.2,64.46 1 1
github.com/ngelik/ttsbuddy-cli/internal/config/config.go:69.34,71.16 2 1
github.com/ngelik/ttsbuddy-cli/internal/config/config.go:71.16,73.3 1 0
github.com/ngelik/ttsbuddy-cli/internal/config/config.go:74.2,74.47 1 1
github.com/ngelik/ttsbuddy-cli/internal/config/config.go:74.47,76.3 1 0
github.com/ngelik/ttsbuddy-cli/internal/config/config.go:77.2,77.17 1 1
github.com/ngelik/ttsbuddy-cli/internal/config/config.go:81.35,83.16 2 1
github.com/ngelik/ttsbuddy-cli/internal/config/config.go:83.16,85.3 1 0
github.com/ngelik/ttsbuddy-cli/internal/config/config.go:86.2,86.47 1 1
github.com/ngelik/ttsbuddy-cli/internal/config/config.go:91.30,93.16 2 1
github.com/ngelik/ttsbuddy-cli/internal/config/config.go:93.16,95.3 1 0
github.com/ngelik/ttsbuddy-cli/internal/config/config.go:97.2,98.16 2 1
github.com/ngelik/ttsbuddy-cli/internal/config/config.go:98.16,99.25 1 1
github.com/ngelik/ttsbuddy-cli/internal/config/config.go:99.25,101.4 1 1
github.com/ngelik/ttsbuddy-cli/internal/config/config.go:102.3,102.61 1 0
github.com/ngelik/ttsbuddy-cli/internal/config/config.go:105.2,106.51 2 1
github.com/ngelik/ttsbuddy-cli/internal/config/config.go:106.51,108.3 1 1
github.com/ngelik/ttsbuddy-cli/internal/config/config.go:109.2,109.18 1 1
github.com/ngelik/ttsbuddy-cli/internal/config/config.go:114.30,116.39 1 1
github.com/ngelik/ttsbuddy-cli/internal/config/config.go:116.39,118.3 1 0
github.com/ngelik/ttsbuddy-cli/internal/config/config.go:119.2,120.16 2 1
github.com/ngelik/ttsbuddy-cli/internal/config/config.go:120.16,122.3 1 0
github.com/ngelik/ttsbuddy-cli/internal/config/config.go:124.2,125.16 2 1
github.com/ngelik/ttsbuddy-cli/internal/config/config.go:125.16,127.3 1 0
github.com/ngelik/ttsbuddy-cli/internal/config/config.go:128.2,130.42 2 1
github.com/ngelik/ttsbuddy-cli/internal/config/config.go:135.72,138.16 3 1
github.com/ngelik/ttsbuddy-cli/internal/config/config.go:138.16,140.3 1 0
github.com/ngelik/ttsbuddy-cli/internal/config/config.go:141.2,143.41 2 1
github.com/ngelik/ttsbuddy-cli/internal/config/config.go:143.41,147.3 3 0
github.com/ngelik/ttsbuddy-cli/internal/config/config.go:148.2,148.38 1 1
github.com/ngelik/ttsbuddy-cli/internal/config/config.go:148.38,152.3 3 0
github.com/ngelik/ttsbuddy-cli/internal/config/config.go:153.2,153.34 1 1
github.com/ngelik/ttsbuddy-cli/internal/config/config.go:153.34,156.3 2 0
github.com/ngelik/ttsbuddy-cli/internal/config/config.go:157.2,157.45 1 1
github.com/ngelik/ttsbuddy-cli/internal/config/config.go:157.45,160.3 2 0
github.com/ngelik/ttsbuddy-cli/internal/config/config.go:161.2,161.12 1 1
github.com/ngelik/ttsbuddy-cli/internal/config/config.go:165.51,166.13 1 1
github.com/ngelik/ttsbuddy-cli/internal/config/config.go:167.24,168.36 1 1
github.com/ngelik/ttsbuddy-cli/internal/config/config.go:169.15,170.31 1 1
github.com/ngelik/ttsbuddy-cli/internal/config/config.go:171.15,172.28 1 1
github.com/ngelik/ttsbuddy-cli/internal/config/config.go:172.28,174.4 1 0
github.com/ngelik/ttsbuddy-cli/internal/config/config.go:175.3,175.52 1 1
github.com/ngelik/ttsbuddy-cli/internal/config/config.go:176.17,177.30 1 0
github.com/ngelik/ttsbuddy-cli/internal/config/config.go:178.20,179.28 1 0
github.com/ngelik/ttsbuddy-cli/internal/config/config.go:180.17,181.25 1 0
github.com/ngelik/ttsbuddy-cli/internal/config/config.go:182.26,183.32 1 0
github.com/ngelik/ttsbuddy-cli/internal/config/config.go:184.10,185.55 1 1
github.com/ngelik/ttsbuddy-cli/internal/config/config.go:190.35,192.16 2 1
github.com/ngelik/ttsbuddy-cli/internal/config/config.go:192.16,194.3 1 0
github.com/ngelik/ttsbuddy-cli/internal/config/config.go:196.2,196.13 1 1
github.com/ngelik/ttsbuddy-cli/internal/config/config.go:197.24,198.21 1 0
github.com/ngelik/ttsbuddy-cli/internal/config/config.go:199.15,200.27 1 1
github.com/ngelik/ttsbuddy-cli/internal/config/config.go:201.15,203.22 2 1
github.com/ngelik/ttsbuddy-cli/internal/config/config.go:203.22,205.4 1 1
github.com/ngelik/ttsbuddy-cli/internal/config/config.go:206.3,206.33 1 1
github.com/ngelik/ttsbuddy-cli/internal/config/config.go:206.33,208.4 1 1
github.com/ngelik/ttsbuddy-cli/internal/config/config.go:209.3,209.27 1 0
github.com/ngelik/ttsbuddy-cli/internal/config/config.go:210.17,211.64 1 1
github.com/ngelik/ttsbuddy-cli/internal/config/config.go:211.64,213.4 1 1
github.com/ngelik/ttsbuddy-cli/internal/config/config.go:214.3,214.26 1 1
github.com/ngelik/ttsbuddy-cli/internal/config/config.go:215.20,216.24 1 0
github.com/ngelik/ttsbuddy-cli/internal/config/config.go:217.17,218.21 1 0
github.com/ngelik/ttsbuddy-cli/internal/config/config.go:219.26,220.28 1 0
github.com/ngelik/ttsbuddy-cli/internal/config/config.go:221.10,222.75 1 1
github.com/ngelik/ttsbuddy-cli/internal/config/config.go:225.2,225.18 1 1
github.com/ngelik/ttsbuddy-cli/internal/config/config.go:230.35,231.15 1 1
github.com/ngelik/ttsbuddy-cli/internal/config/config.go:231.15,233.3 1 1
github.com/ngelik/ttsbuddy-cli/internal/config/config.go:234.2,234.38 1 1
github.com/ngelik/ttsbuddy-cli/internal/config/config.go:234.38,236.3 1 1
github.com/ngelik/ttsbuddy-cli/internal/config/config.go:238.2,239.20 2 1
github.com/ngelik/ttsbuddy-cli/internal/config/config.go:239.20,241.3 1 1
github.com/ngelik/ttsbuddy-cli/internal/config/config.go:242.2,242.45 1 1
github.com/ngelik/ttsbuddy-cli/internal/config/lastjob.go:19.38,21.16 2 1
github.com/ngelik/ttsbuddy-cli/internal/config/lastjob.go:21.16,23.3 1 0
github.com/ngelik/ttsbuddy-cli/internal/config/lastjob.go:25.2,31.16 3 1
github.com/ngelik/ttsbuddy-cli/internal/config/lastjob.go:31.16,33.3 1 0
github.com/ngelik/ttsbuddy-cli/internal/config/lastjob.go:34.2,37.42 3 1
github.com/ngelik/ttsbuddy-cli/internal/config/lastjob.go:42.29,44.16 2 1
github.com/ngelik/ttsbuddy-cli/internal/config/lastjob.go:44.16,46.3 1 0
github.com/ngelik/ttsbuddy-cli/internal/config/lastjob.go:48.2,50.16 3 1
github.com/ngelik/ttsbuddy-cli/internal/config/lastjob.go:50.16,52.3 1 1
github.com/ngelik/ttsbuddy-cli/internal/config/lastjob.go:54.2,55.50 2 1
github.com/ngelik/ttsbuddy-cli/internal/config/lastjob.go:55.50,57.3 1 0
github.com/ngelik/ttsbuddy-cli/internal/config/lastjob.go:58.2,58.20 1 1
github.com/ngelik/ttsbuddy-cli/internal/config/lastjob.go:58.20,60.3 1 0
github.com/ngelik/ttsbuddy-cli/internal/config/lastjob.go:61.2,61.12 1 1
github.com/ngelik/ttsbuddy-cli/internal/config/resolve.go:34.73,53.2 5 1
github.com/ngelik/ttsbuddy-cli/internal/config/resolve.go:55.43,57.49 2 1
github.com/ngelik/ttsbuddy-cli/internal/config/resolve.go:57.49,59.3 1 0
github.com/ngelik/ttsbuddy-cli/internal/config/resolve.go:60.2,60.49 1 1
github.com/ngelik/ttsbuddy-cli/internal/config/resolve.go:60.49,62.3 1 0
github.com/ngelik/ttsbuddy-cli/internal/config/resolve.go:63.2,63.58 1 1
github.com/ngelik/ttsbuddy-cli/internal/config/resolve.go:63.58,65.3 1 0
github.com/ngelik/ttsbuddy-cli/internal/config/resolve.go:66.2,66.47 1 1
github.com/ngelik/ttsbuddy-cli/internal/config/resolve.go:66.47,68.3 1 1
github.com/ngelik/ttsbuddy-cli/internal/config/resolve.go:69.2,69.47 1 1
github.com/ngelik/ttsbuddy-cli/internal/config/resolve.go:69.47,71.17 2 1
github.com/ngelik/ttsbuddy-cli/internal/config/resolve.go:71.17,73.4 1 1
github.com/ngelik/ttsbuddy-cli/internal/config/resolve.go:73.9,75.4 1 0
github.com/ngelik/ttsbuddy-cli/internal/config/resolve.go:77.2,77.52 1 1
github.com/ngelik/ttsbuddy-cli/internal/config/resolve.go:77.52,79.3 1 0
github.com/ngelik/ttsbuddy-cli/internal/config/resolve.go:80.2,80.49 1 1
github.com/ngelik/ttsbuddy-cli/internal/config/resolve.go:80.49,81.50 1 1
github.com/ngelik/ttsbuddy-cli/internal/config/resolve.go:81.50,83.4 1 1
github.com/ngelik/ttsbuddy-cli/internal/config/resolve.go:83.9,85.4 1 0
github.com/ngelik/ttsbuddy-cli/internal/config/resolve.go:87.2,87.17 1 1
github.com/ngelik/ttsbuddy-cli/internal/config/resolve.go:90.50,91.21 1 1
github.com/ngelik/ttsbuddy-cli/internal/config/resolve.go:91.21,93.3 1 0
github.com/ngelik/ttsbuddy-cli/internal/config/resolve.go:94.2,94.20 1 1
github.com/ngelik/ttsbuddy-cli/internal/config/resolve.go:94.20,96.3 1 1
github.com/ngelik/ttsbuddy-cli/internal/config/resolve.go:97.2,97.20 1 1
github.com/ngelik/ttsbuddy-cli/internal/config/resolve.go:97.20,99.3 1 0
github.com/ngelik/ttsbuddy-cli/internal/config/resolve.go:100.2,100.24 1 1
github.com/ngelik/ttsbuddy-cli/internal/config/resolve.go:100.24,102.3 1 0
github.com/ngelik/ttsbuddy-cli/internal/config/resolve.go:103.2,103.22 1 1
github.com/ngelik/ttsbuddy-cli/internal/config/resolve.go:103.22,105.3 1 0
github.com/ngelik/ttsbuddy-cli/internal/config/resolve.go:108.38,109.15 1 1
github.com/ngelik/ttsbuddy-cli/internal/config/resolve.go:109.15,111.3 1 1
github.com/ngelik/ttsbuddy-cli/internal/config/resolve.go:112.2,112.17 1 1
github.com/ngelik/ttsbuddy-cli/internal/config/resolve.go:115.45,116.14 1 1
github.com/ngelik/ttsbuddy-cli/internal/config/resolve.go:116.14,118.3 1 0
github.com/ngelik/ttsbuddy-cli/internal/config/resolve.go:119.2,119.17 1 1
github.com/ngelik/ttsbuddy-cli/internal/display/output.go:10.40,11.14 1 1
github.com/ngelik/ttsbuddy-cli/internal/display/output.go:12.21,13.68 1 1
github.com/ngelik/ttsbuddy-cli/internal/display/output.go:14.31,15.77 1 1
github.com/ngelik/ttsbuddy-cli/internal/display/output.go:16.23,17.86 1 1
github.com/ngelik/ttsbuddy-cli/internal/display/output.go:18.22,19.52 1 1
github.com/ngelik/ttsbuddy-cli/internal/display/output.go:20.30,21.82 1 1
github.com/ngelik/ttsbuddy-cli/internal/display/output.go:22.25,23.46 1 1
github.com/ngelik/ttsbuddy-cli/internal/display/output.go:24.23,25.72 1 1
github.com/ngelik/ttsbuddy-cli/internal/display/output.go:26.19,27.44 1 1
github.com/ngelik/ttsbuddy-cli/internal/display/output.go:28.22,29.57 1 1
github.com/ngelik/ttsbuddy-cli/internal/display/output.go:30.28,31.48 1 1
github.com/ngelik/ttsbuddy-cli/internal/display/output.go:32.24,33.42 1 1
github.com/ngelik/ttsbuddy-cli/internal/display/output.go:34.10,35.12 1 1
github.com/ngelik/ttsbuddy-cli/internal/display/output.go:40.29,42.2 1 0
github.com/ngelik/ttsbuddy-cli/internal/display/output.go:45.31,47.2 1 0
github.com/ngelik/ttsbuddy-cli/internal/display/output.go:50.37,54.2 3 0
github.com/ngelik/ttsbuddy-cli/internal/display/spinner.go:25.21,29.2 1 0
github.com/ngelik/ttsbuddy-cli/internal/display/spinner.go:32.37,34.14 2 0
github.com/ngelik/ttsbuddy-cli/internal/display/spinner.go:34.14,37.3 2 0
github.com/ngelik/ttsbuddy-cli/internal/display/spinner.go:38.2,44.14 6 0
github.com/ngelik/ttsbuddy-cli/internal/display/spinner.go:44.14,47.3 2 0
github.com/ngelik/ttsbuddy-cli/internal/display/spinner.go:49.2,49.12 1 0
github.com/ngelik/ttsbuddy-cli/internal/display/spinner.go:53.38,58.14 4 0
github.com/ngelik/ttsbuddy-cli/internal/display/spinner.go:58.14,60.3 1 0
github.com/ngelik/ttsbuddy-cli/internal/display/spinner.go:64.26,66.15 2 0
github.com/ngelik/ttsbuddy-cli/internal/display/spinner.go:66.15,69.3 2 0
github.com/ngelik/ttsbuddy-cli/internal/display/spinner.go:70.2,73.13 3 0
github.com/ngelik/ttsbuddy-cli/internal/display/spinner.go:73.13,77.3 3 0
github.com/ngelik/ttsbuddy-cli/internal/display/spinner.go:81.47,84.2 2 0
github.com/ngelik/ttsbuddy-cli/internal/display/spinner.go:86.25,92.6 5 0
github.com/ngelik/ttsbuddy-cli/internal/display/spinner.go:92.6,93.10 1 0
github.com/ngelik/ttsbuddy-cli/internal/display/spinner.go:94.17,95.10 1 0
github.com/ngelik/ttsbuddy-cli/internal/display/spinner.go:96.17,101.7 5 0
github.com/ngelik/ttsbuddy-cli/internal/api/client.go:25.56,32.2 1 1
github.com/ngelik/ttsbuddy-cli/internal/api/client.go:35.113,40.16 4 1
github.com/ngelik/ttsbuddy-cli/internal/api/client.go:40.16,42.3 1 0
github.com/ngelik/ttsbuddy-cli/internal/api/client.go:44.2,45.16 2 1
github.com/ngelik/ttsbuddy-cli/internal/api/client.go:45.16,47.3 1 0
github.com/ngelik/ttsbuddy-cli/internal/api/client.go:49.2,52.26 4 1
github.com/ngelik/ttsbuddy-cli/internal/api/client.go:52.26,54.3 1 1
github.com/ngelik/ttsbuddy-cli/internal/api/client.go:56.2,57.16 2 1
github.com/ngelik/ttsbuddy-cli/internal/api/client.go:57.16,59.3 1 1
github.com/ngelik/ttsbuddy-cli/internal/api/client.go:60.2,62.28 2 1
github.com/ngelik/ttsbuddy-cli/internal/api/client.go:66.90,72.16 5 1
github.com/ngelik/ttsbuddy-cli/internal/api/client.go:72.16,74.3 1 0
github.com/ngelik/ttsbuddy-cli/internal/api/client.go:76.2,80.16 4 1
github.com/ngelik/ttsbuddy-cli/internal/api/client.go:80.16,82.3 1 0
github.com/ngelik/ttsbuddy-cli/internal/api/client.go:83.2,85.28 2 1
github.com/ngelik/ttsbuddy-cli/internal/api/client.go:91.86,96.16 4 1
github.com/ngelik/ttsbuddy-cli/internal/api/client.go:96.16,98.3 1 0
github.com/ngelik/ttsbuddy-cli/internal/api/client.go:100.2,101.16 2 1
github.com/ngelik/ttsbuddy-cli/internal/api/client.go:101.16,103.3 1 0
github.com/ngelik/ttsbuddy-cli/internal/api/client.go:104.2,106.38 2 1
github.com/ngelik/ttsbuddy-cli/internal/api/client.go:106.38,108.3 1 1
github.com/ngelik/ttsbuddy-cli/internal/api/client.go:110.2,113.16 3 1
github.com/ngelik/ttsbuddy-cli/internal/api/client.go:113.16,115.3 1 0
github.com/ngelik/ttsbuddy-cli/internal/api/client.go:117.2,120.20 3 1
github.com/ngelik/ttsbuddy-cli/internal/api/client.go:120.20,123.3 2 0
github.com/ngelik/ttsbuddy-cli/internal/api/client.go:124.2,124.21 1 1
github.com/ngelik/ttsbuddy-cli/internal/api/client.go:124.21,127.3 2 0
github.com/ngelik/ttsbuddy-cli/internal/api/client.go:129.2,129.54 1 1
github.com/ngelik/ttsbuddy-cli/internal/api/client.go:129.54,132.3 2 0
github.com/ngelik/ttsbuddy-cli/internal/api/client.go:134.2,134.12 1 1
github.com/ngelik/ttsbuddy-cli/internal/api/client.go:139.90,145.16 5 1
github.com/ngelik/ttsbuddy-cli/internal/api/client.go:145.16,147.3 1 0
github.com/ngelik/ttsbuddy-cli/internal/api/client.go:148.2,151.16 3 1
github.com/ngelik/ttsbuddy-cli/internal/api/client.go:151.16,153.3 1 0
github.com/ngelik/ttsbuddy-cli/internal/api/client.go:154.2,156.38 2 1
github.com/ngelik/ttsbuddy-cli/internal/api/client.go:156.38,158.3 1 1
github.com/ngelik/ttsbuddy-cli/internal/api/client.go:160.2,161.64 2 1
github.com/ngelik/ttsbuddy-cli/internal/api/client.go:161.64,163.3 1 0
github.com/ngelik/ttsbuddy-cli/internal/api/client.go:165.2,165.32 1 1
github.com/ngelik/ttsbuddy-cli/internal/api/client.go:169.60,170.42 1 1
github.com/ngelik/ttsbuddy-cli/internal/api/client.go:170.42,172.3 1 1
github.com/ngelik/ttsbuddy-cli/internal/api/client.go:173.2,174.16 2 1
github.com/ngelik/ttsbuddy-cli/internal/api/client.go:174.16,176.3 1 0
github.com/ngelik/ttsbuddy-cli/internal/api/client.go:177.2,177.72 1 1
github.com/ngelik/ttsbuddy-cli/internal/api/client.go:181.48,182.17 1 0
github.com/ngelik/ttsbuddy-cli/internal/api/client.go:182.17,184.3 1 0
github.com/ngelik/ttsbuddy-cli/internal/api/client.go:185.2,186.15 2 0
github.com/ngelik/ttsbuddy-cli/internal/api/client.go:186.15,188.3 1 0
github.com/ngelik/ttsbuddy-cli/internal/api/client.go:189.2,190.59 2 0
github.com/ngelik/ttsbuddy-cli/internal/api/client.go:190.59,192.3 1 0
github.com/ngelik/ttsbuddy-cli/internal/api/client.go:193.2,193.16 1 0
github.com/ngelik/ttsbuddy-cli/internal/api/client.go:196.68,198.16 2 1
github.com/ngelik/ttsbuddy-cli/internal/api/client.go:198.16,200.3 1 0
github.com/ngelik/ttsbuddy-cli/internal/api/client.go:202.2,203.55 2 1
github.com/ngelik/ttsbuddy-cli/internal/api/client.go:203.55,207.29 1 1
github.com/ngelik/ttsbuddy-cli/internal/api/client.go:207.29,209.23 2 1
github.com/ngelik/ttsbuddy-cli/internal/api/client.go:209.23,211.5 1 0
github.com/ngelik/ttsbuddy-cli/internal/api/client.go:212.4,222.5 2 1
github.com/ngelik/ttsbuddy-cli/internal/api/client.go:224.3,224.100 1 0
github.com/ngelik/ttsbuddy-cli/internal/api/client.go:227.2,227.28 1 1
github.com/ngelik/ttsbuddy-cli/internal/api/client.go:227.28,232.3 1 1
github.com/ngelik/ttsbuddy-cli/internal/api/client.go:234.2,234.39 1 1
github.com/ngelik/ttsbuddy-cli/internal/api/client.go:242.43,243.9 1 1
github.com/ngelik/ttsbuddy-cli/internal/api/client.go:244.21,245.23 1 1
github.com/ngelik/ttsbuddy-cli/internal/api/client.go:246.21,247.22 1 1
github.com/ngelik/ttsbuddy-cli/internal/api/client.go:248.21,249.21 1 1
github.com/ngelik/ttsbuddy-cli/internal/api/client.go:250.21,251.24 1 1
github.com/ngelik/ttsbuddy-cli/internal/api/client.go:252.21,253.26 1 1
github.com/ngelik/ttsbuddy-cli/internal/api/client.go:254.10,255.27 1 1
github.com/ngelik/ttsbuddy-cli/internal/api/download.go:15.41,17.13 2 1
github.com/ngelik/ttsbuddy-cli/internal/api/download.go:17.13,19.3 1 1
github.com/ngelik/ttsbuddy-cli/internal/api/download.go:20.2,20.10 1 1
github.com/ngelik/ttsbuddy-cli/internal/api/download.go:26.51,31.49 4 1
github.com/ngelik/ttsbuddy-cli/internal/api/download.go:31.49,33.3 1 1
github.com/ngelik/ttsbuddy-cli/internal/api/download.go:35.2,35.28 1 1
github.com/ngelik/ttsbuddy-cli/internal/api/download.go:35.28,37.50 2 1
github.com/ngelik/ttsbuddy-cli/internal/api/download.go:37.50,39.4 1 1
github.com/ngelik/ttsbuddy-cli/internal/api/download.go:43.2,43.106 1 0
github.com/ngelik/ttsbuddy-cli/internal/api/idempotency.go:12.68,18.2 3 1
github.com/ngelik/ttsbuddy-cli/internal/api/idempotency.go:21.33,23.2 1 1
github.com/ngelik/ttsbuddy-cli/internal/api/idempotency.go:26.27,28.2 1 1
github.com/ngelik/ttsbuddy-cli/internal/api/idempotency.go:30.28,32.40 2 1
github.com/ngelik/ttsbuddy-cli/internal/api/idempotency.go:32.40,34.46 1 0
github.com/ngelik/ttsbuddy-cli/internal/api/idempotency.go:37.2,39.81 3 1
github.com/ngelik/ttsbuddy-cli/internal/api/retry.go:19.39,25.2 1 0
github.com/ngelik/ttsbuddy-cli/internal/api/retry.go:35.114,38.57 2 1
github.com/ngelik/ttsbuddy-cli/internal/api/retry.go:38.57,42.17 2 1
github.com/ngelik/ttsbuddy-cli/internal/api/retry.go:42.17,44.4 1 1
github.com/ngelik/ttsbuddy-cli/internal/api/retry.go:46.3,47.31 2 1
github.com/ngelik/ttsbuddy-cli/internal/api/retry.go:47.31,49.33 1 1
github.com/ngelik/ttsbuddy-cli/internal/api/retry.go:49.33,51.5 1 0
github.com/ngelik/ttsbuddy-cli/internal/api/retry.go:52.4,52.84 1 1
github.com/ngelik/ttsbuddy-cli/internal/api/retry.go:52.84,54.5 1 1
github.com/ngelik/ttsbuddy-cli/internal/api/retry.go:55.4,55.12 1 0
github.com/ngelik/ttsbuddy-cli/internal/api/retry.go:59.3,59.58 1 1
github.com/ngelik/ttsbuddy-cli/internal/api/retry.go:59.58,61.4 1 0
github.com/ngelik/ttsbuddy-cli/internal/api/retry.go:63.3,63.32 1 1
github.com/ngelik/ttsbuddy-cli/internal/api/retry.go:63.32,65.4 1 0
github.com/ngelik/ttsbuddy-cli/internal/api/retry.go:68.3,68.52 1 1
github.com/ngelik/ttsbuddy-cli/internal/api/retry.go:68.52,70.4 1 1
github.com/ngelik/ttsbuddy-cli/internal/api/retry.go:73.3,74.79 2 1
github.com/ngelik/ttsbuddy-cli/internal/api/retry.go:74.79,76.4 1 0
github.com/ngelik/ttsbuddy-cli/internal/api/retry.go:76.9,78.4 1 1
github.com/ngelik/ttsbuddy-cli/internal/api/retry.go:80.3,80.62 1 1
github.com/ngelik/ttsbuddy-cli/internal/api/retry.go:80.62,82.4 1 0
github.com/ngelik/ttsbuddy-cli/internal/api/retry.go:85.2,85.51 1 0
github.com/ngelik/ttsbuddy-cli/internal/api/retry.go:88.63,93.2 4 1
github.com/ngelik/ttsbuddy-cli/internal/api/retry.go:95.67,96.12 1 1
github.com/ngelik/ttsbuddy-cli/internal/api/retry.go:96.12,98.3 1 0
github.com/ngelik/ttsbuddy-cli/internal/api/retry.go:99.2,101.9 3 1
github.com/ngelik/ttsbuddy-cli/internal/api/retry.go:102.20,103.19 1 1
github.com/ngelik/ttsbuddy-cli/internal/api/retry.go:104.17,105.13 1 1
github.com/ngelik/ttsbuddy-cli/internal/api/types.go:81.43,82.29 1 1
github.com/ngelik/ttsbuddy-cli/internal/api/types.go:82.29,84.3 1 1
github.com/ngelik/ttsbuddy-cli/internal/api/types.go:85.2,85.50 1 1
github.com/ngelik/ttsbuddy-cli/internal/api/types.go:89.47,90.29 1 1
github.com/ngelik/ttsbuddy-cli/internal/api/types.go:90.29,92.3 1 1
github.com/ngelik/ttsbuddy-cli/internal/api/types.go:93.2,93.11 1 1
github.com/ngelik/ttsbuddy-cli/internal/api/types.go:106.49,111.2 4 1
github.com/ngelik/ttsbuddy-cli/internal/api/types.go:114.52,115.23 1 1
github.com/ngelik/ttsbuddy-cli/internal/api/types.go:115.23,117.3 1 1
github.com/ngelik/ttsbuddy-cli/internal/api/types.go:118.2,118.44 1 1
github.com/ngelik/ttsbuddy-cli/internal/api/types.go:118.44,120.3 1 1
github.com/ngelik/ttsbuddy-cli/internal/api/types.go:121.2,121.14 1 1
github.com/ngelik/ttsbuddy-cli/internal/api/types.go:126.49,127.16 1 1
github.com/ngelik/ttsbuddy-cli/internal/api/types.go:127.16,129.3 1 1
github.com/ngelik/ttsbuddy-cli/internal/api/types.go:130.2,130.107 1 1
github.com/ngelik/ttsbuddy-cli/internal/api/types.go:133.38,135.2 1 1
github.com/ngelik/ttsbuddy-cli/internal/api/types.go:137.42,138.43 1 1
github.com/ngelik/ttsbuddy-cli/internal/api/types.go:138.43,139.35 1 1
github.com/ngelik/ttsbuddy-cli/internal/api/types.go:139.35,141.4 1 1
github.com/ngelik/ttsbuddy-cli/internal/api/types.go:143.2,143.14 1 0
github.com/ngelik/ttsbuddy-cli/internal/api/voices.go:17.30,53.2 1 1
github.com/ngelik/ttsbuddy-cli/internal/api/voices.go:57.63,62.66 2 1
github.com/ngelik/ttsbuddy-cli/internal/api/voices.go:62.66,64.28 2 1
github.com/ngelik/ttsbuddy-cli/internal/api/voices.go:64.28,66.47 2 1
github.com/ngelik/ttsbuddy-cli/internal/api/voices.go:66.47,68.5 1 1
github.com/ngelik/ttsbuddy-cli/internal/api/voices.go:68.10,68.48 1 1
github.com/ngelik/ttsbuddy-cli/internal/api/voices.go:68.48,70.5 1 1
github.com/ngelik/ttsbuddy-cli/internal/api/voices.go:71.4,71.45 1 1
github.com/ngelik/ttsbuddy-cli/internal/api/voices.go:71.45,73.5 1 1
github.com/ngelik/ttsbuddy-cli/internal/api/voices.go:74.4,74.49 1 1
github.com/ngelik/ttsbuddy-cli/internal/api/voices.go:74.49,76.5 1 1
github.com/ngelik/ttsbuddy-cli/internal/api/voices.go:77.4,77.49 1 1
github.com/ngelik/ttsbuddy-cli/internal/api/voices.go:77.49,79.5 1 1
github.com/ngelik/ttsbuddy-cli/internal/api/voices.go:80.4,80.18 1 1
github.com/ngelik/ttsbuddy-cli/internal/api/voices.go:80.18,82.5 1 1
github.com/ngelik/ttsbuddy-cli/internal/api/voices.go:84.3,84.22 1 1
github.com/ngelik/ttsbuddy-cli/internal/api/voices.go:84.22,86.4 1 1
github.com/ngelik/ttsbuddy-cli/internal/api/voices.go:90.2,91.50 2 1
github.com/ngelik/ttsbuddy-cli/internal/api/voices.go:91.50,92.41 1 1
github.com/ngelik/ttsbuddy-cli/internal/api/voices.go:92.41,94.4 1 1
github.com/ngelik/ttsbuddy-cli/internal/api/voices.go:97.2,97.60 1 1
github.com/ngelik/ttsbuddy-cli/cmd/config.go:25.54,29.22 2 1
github.com/ngelik/ttsbuddy-cli/cmd/config.go:29.22,31.4 1 0
github.com/ngelik/ttsbuddy-cli/cmd/config.go:33.3,33.15 1 1
github.com/ngelik/ttsbuddy-cli/cmd/config.go:33.15,39.4 5 1
github.com/ngelik/ttsbuddy-cli/cmd/config.go:41.3,48.13 8 1
github.com/ngelik/ttsbuddy-cli/cmd/config.go:56.54,58.30 2 1
github.com/ngelik/ttsbuddy-cli/cmd/config.go:58.30,60.4 1 1
github.com/ngelik/ttsbuddy-cli/cmd/config.go:61.3,62.22 2 1
github.com/ngelik/ttsbuddy-cli/cmd/config.go:62.22,64.4 1 0
github.com/ngelik/ttsbuddy-cli/cmd/config.go:65.3,67.13 3 1
github.com/ngelik/ttsbuddy-cli/cmd/config.go:75.54,78.30 2 1
github.com/ngelik/ttsbuddy-cli/cmd/config.go:78.30,80.4 1 1
github.com/ngelik/ttsbuddy-cli/cmd/config.go:82.3,82.79 1 1
github.com/ngelik/ttsbuddy-cli/cmd/config.go:82.79,84.4 1 1
github.com/ngelik/ttsbuddy-cli/cmd/config.go:86.3,86.48 1 1
github.com/ngelik/ttsbuddy-cli/cmd/config.go:86.48,88.50 2 1
github.com/ngelik/ttsbuddy-cli/cmd/config.go:88.50,90.5 1 1
github.com/ngelik/ttsbuddy-cli/cmd/config.go:91.4,91.78 1 1
github.com/ngelik/ttsbuddy-cli/cmd/config.go:94.3,94.14 1 1
github.com/ngelik/ttsbuddy-cli/cmd/config.go:95.25,96.72 1 1
github.com/ngelik/ttsbuddy-cli/cmd/config.go:97.11,98.54 1 1
github.com/ngelik/ttsbuddy-cli/cmd/config.go:100.3,100.13 1 1
github.com/ngelik/ttsbuddy-cli/cmd/config.go:104.68,105.13 1 1
github.com/ngelik/ttsbuddy-cli/cmd/config.go:106.24,107.36 1 1
github.com/ngelik/ttsbuddy-cli/cmd/config.go:108.15,109.17 1 1
github.com/ngelik/ttsbuddy-cli/cmd/config.go:110.15,111.38 1 1
github.com/ngelik/ttsbuddy-cli/cmd/config.go:112.17,113.23 1 1
github.com/ngelik/ttsbuddy-cli/cmd/config.go:114.20,115.21 1 1
github.com/ngelik/ttsbuddy-cli/cmd/config.go:116.17,117.18 1 1
github.com/ngelik/ttsbuddy-cli/cmd/config.go:118.26,119.25 1 1
github.com/ngelik/ttsbuddy-cli/cmd/config.go:120.10,121.12 1 1
github.com/ngelik/ttsbuddy-cli/cmd/config.go:125.13,129.2 3 1
github.com/ngelik/ttsbuddy-cli/cmd/root.go:38.67,41.21 1 1
github.com/ngelik/ttsbuddy-cli/cmd/root.go:42.40,43.14 1 1
github.com/ngelik/ttsbuddy-cli/cmd/root.go:47.3,47.60 1 1
github.com/ngelik/ttsbuddy-cli/cmd/root.go:47.60,49.4 1 1
github.com/ngelik/ttsbuddy-cli/cmd/root.go:51.3,52.17 2 1
github.com/ngelik/ttsbuddy-cli/cmd/root.go:52.17,54.4 1 0
github.com/ngelik/ttsbuddy-cli/cmd/root.go:56.3,57.33 2 1
github.com/ngelik/ttsbuddy-cli/cmd/root.go:57.33,59.4 1 0
github.com/ngelik/ttsbuddy-cli/cmd/root.go:61.3,64.16 3 1
github.com/ngelik/ttsbuddy-cli/cmd/root.go:64.16,65.31 1 1
github.com/ngelik/ttsbuddy-cli/cmd/root.go:65.31,67.5 1 0
github.com/ngelik/ttsbuddy-cli/cmd/root.go:69.3,69.13 1 1
github.com/ngelik/ttsbuddy-cli/cmd/root.go:73.13,80.2 5 1
github.com/ngelik/ttsbuddy-cli/cmd/root.go:83.22,84.42 1 1
github.com/ngelik/ttsbuddy-cli/cmd/root.go:84.42,86.36 2 1
github.com/ngelik/ttsbuddy-cli/cmd/root.go:86.36,88.4 1 1
github.com/ngelik/ttsbuddy-cli/cmd/root.go:90.3,90.15 1 1
github.com/ngelik/ttsbuddy-cli/cmd/root.go:90.15,94.4 3 1
github.com/ngelik/ttsbuddy-cli/cmd/root.go:94.9,96.4 1 1
github.com/ngelik/ttsbuddy-cli/cmd/root.go:98.3,98.20 1 1
github.com/ngelik/ttsbuddy-cli/cmd/root.go:100.2,100.12 1 1
github.com/ngelik/ttsbuddy-cli/cmd/speak.go:49.57,51.37 1 1
github.com/ngelik/ttsbuddy-cli/cmd/speak.go:51.37,53.4 1 1
github.com/ngelik/ttsbuddy-cli/cmd/speak.go:54.3,54.13 1 1
github.com/ngelik/ttsbuddy-cli/cmd/speak.go:57.54,59.3 1 1
github.com/ngelik/ttsbuddy-cli/cmd/speak.go:62.13,74.2 10 1
github.com/ngelik/ttsbuddy-cli/cmd/speak.go:76.56,79.21 2 1
github.com/ngelik/ttsbuddy-cli/cmd/speak.go:79.21,81.3 1 0
github.com/ngelik/ttsbuddy-cli/cmd/speak.go:84.2,84.34 1 1
github.com/ngelik/ttsbuddy-cli/cmd/speak.go:84.34,86.3 1 0
github.com/ngelik/ttsbuddy-cli/cmd/speak.go:87.2,87.34 1 1
github.com/ngelik/ttsbuddy-cli/cmd/speak.go:87.34,89.3 1 0
github.com/ngelik/ttsbuddy-cli/cmd/speak.go:90.2,90.39 1 1
github.com/ngelik/ttsbuddy-cli/cmd/speak.go:90.39,92.3 1 0
github.com/ngelik/ttsbuddy-cli/cmd/speak.go:93.2,93.36 1 1
github.com/ngelik/ttsbuddy-cli/cmd/speak.go:93.36,95.3 1 1
github.com/ngelik/ttsbuddy-cli/cmd/speak.go:97.2,97.27 1 1
github.com/ngelik/ttsbuddy-cli/cmd/speak.go:97.27,99.3 1 1
github.com/ngelik/ttsbuddy-cli/cmd/speak.go:102.2,103.16 2 1
github.com/ngelik/ttsbuddy-cli/cmd/speak.go:103.16,105.3 1 1
github.com/ngelik/ttsbuddy-cli/cmd/speak.go:108.2,108.63 1 1
github.com/ngelik/ttsbuddy-cli/cmd/speak.go:108.63,111.3 2 1
github.com/ngelik/ttsbuddy-cli/cmd/speak.go:113.2,113.35 1 1
github.com/ngelik/ttsbuddy-cli/cmd/speak.go:113.35,115.3 1 0
github.com/ngelik/ttsbuddy-cli/cmd/speak.go:117.2,118.25 2 1
github.com/ngelik/ttsbuddy-cli/cmd/speak.go:118.25,120.3 1 0
github.com/ngelik/ttsbuddy-cli/cmd/speak.go:123.2,127.32 3 1
github.com/ngelik/ttsbuddy-cli/cmd/speak.go:127.32,129.3 1 0
github.com/ngelik/ttsbuddy-cli/cmd/speak.go:132.2,132.52 1 1
github.com/ngelik/ttsbuddy-cli/cmd/speak.go:132.52,135.3 2 0
github.com/ngelik/ttsbuddy-cli/cmd/speak.go:140.2,141.19 2 1
github.com/ngelik/ttsbuddy-cli/cmd/speak.go:141.19,142.16 1 1
github.com/ngelik/ttsbuddy-cli/cmd/speak.go:142.16,144.4 1 0
github.com/ngelik/ttsbuddy-cli/cmd/speak.go:144.9,146.4 1 1
github.com/ngelik/ttsbuddy-cli/cmd/speak.go:150.2,164.29 6 1
github.com/ngelik/ttsbuddy-cli/cmd/speak.go:164.29,166.3 1 1
github.com/ngelik/ttsbuddy-cli/cmd/speak.go:168.2,168.116 1 1
github.com/ngelik/ttsbuddy-cli/cmd/speak.go:168.116,170.3 1 1
github.com/ngelik/ttsbuddy-cli/cmd/speak.go:172.2,172.16 1 1
github.com/ngelik/ttsbuddy-cli/cmd/speak.go:172.16,174.23 2 1
github.com/ngelik/ttsbuddy-cli/cmd/speak.go:174.23,177.4 2 0
github.com/ngelik/ttsbuddy-cli/cmd/speak.go:178.3,178.37 1 1
github.com/ngelik/ttsbuddy-cli/cmd/speak.go:180.2,183.22 2 1
github.com/ngelik/ttsbuddy-cli/cmd/speak.go:183.22,185.3 1 1
github.com/ngelik/ttsbuddy-cli/cmd/speak.go:188.2,188.9 1 1
github.com/ngelik/ttsbuddy-cli/cmd/speak.go:189.34,190.54 1 1
github.com/ngelik/ttsbuddy-cli/cmd/speak.go:192.32,193.100 1 1
github.com/ngelik/ttsbuddy-cli/cmd/speak.go:195.31,197.24 2 0
github.com/ngelik/ttsbuddy-cli/cmd/speak.go:197.24,199.4 1 0
github.com/ngelik/ttsbuddy-cli/cmd/speak.go:200.3,200.66 1 0
github.com/ngelik/ttsbuddy-cli/cmd/speak.go:200.66,202.4 1 0
github.com/ngelik/ttsbuddy-cli/cmd/speak.go:203.3,203.39 1 0
github.com/ngelik/ttsbuddy-cli/cmd/speak.go:205.52,206.56 1 1
github.com/ngelik/ttsbuddy-cli/cmd/speak.go:208.10,209.94 1 0
github.com/ngelik/ttsbuddy-cli/cmd/speak.go:213.130,216.29 3 1
github.com/ngelik/ttsbuddy-cli/cmd/speak.go:216.29,218.23 2 1
github.com/ngelik/ttsbuddy-cli/cmd/speak.go:218.23,220.4 1 1
github.com/ngelik/ttsbuddy-cli/cmd/speak.go:221.3,221.66 1 1
github.com/ngelik/ttsbuddy-cli/cmd/speak.go:223.2,227.16 3 1
github.com/ngelik/ttsbuddy-cli/cmd/speak.go:227.16,229.3 1 0
github.com/ngelik/ttsbuddy-cli/cmd/speak.go:231.2,235.38 3 1
github.com/ngelik/ttsbuddy-cli/cmd/speak.go:235.38,237.3 1 1
github.com/ngelik/ttsbuddy-cli/cmd/speak.go:239.2,239.6 1 1
github.com/ngelik/ttsbuddy-cli/cmd/speak.go:239.6,241.33 1 1
github.com/ngelik/ttsbuddy-cli/cmd/speak.go:241.33,243.4 1 1
github.com/ngelik/ttsbuddy-cli/cmd/speak.go:246.3,246.10 1 1
github.com/ngelik/ttsbuddy-cli/cmd/speak.go:247.21,250.16 2 0
github.com/ngelik/ttsbuddy-cli/cmd/speak.go:251.28,251.28 0 1
github.com/ngelik/ttsbuddy-cli/cmd/speak.go:255.3,256.17 2 1
github.com/ngelik/ttsbuddy-cli/cmd/speak.go:256.17,257.41 1 1
github.com/ngelik/ttsbuddy-cli/cmd/speak.go:257.41,259.5 1 1
github.com/ngelik/ttsbuddy-cli/cmd/speak.go:260.4,262.12 3 0
github.com/ngelik/ttsbuddy-cli/cmd/speak.go:265.3,265.22 1 1
github.com/ngelik/ttsbuddy-cli/cmd/speak.go:266.20,267.55 1 1
github.com/ngelik/ttsbuddy-cli/cmd/speak.go:268.18,269.84 1 0
github.com/ngelik/ttsbuddy-cli/cmd/speak.go:270.17,272.25 2 0
github.com/ngelik/ttsbuddy-cli/cmd/speak.go:272.25,274.5 1 0
github.com/ngelik/ttsbuddy-cli/cmd/speak.go:275.4,275.40 1 0
github.com/ngelik/ttsbuddy-cli/cmd/speak.go:276.21,277.37 1 1
github.com/ngelik/ttsbuddy-cli/cmd/speak.go:277.37,279.5 1 1
github.com/ngelik/ttsbuddy-cli/cmd/speak.go:279.10,281.5 1 0
github.com/ngelik/ttsbuddy-cli/cmd/speak.go:282.4,283.78 2 1
github.com/ngelik/ttsbuddy-cli/cmd/speak.go:284.11,285.117 1 1
github.com/ngelik/ttsbuddy-cli/cmd/speak.go:290.125,292.14 1 1
github.com/ngelik/ttsbuddy-cli/cmd/speak.go:292.14,296.3 3 1
github.com/ngelik/ttsbuddy-cli/cmd/speak.go:298.2,298.25 1 1
github.com/ngelik/ttsbuddy-cli/cmd/speak.go:298.25,300.3 1 1
github.com/ngelik/ttsbuddy-cli/cmd/speak.go:303.2,303.21 1 1
github.com/ngelik/ttsbuddy-cli/cmd/speak.go:303.21,306.3 2 1
github.com/ngelik/ttsbuddy-cli/cmd/speak.go:309.2,310.49 2 1
github.com/ngelik/ttsbuddy-cli/cmd/speak.go:310.49,312.3 1 1
github.com/ngelik/ttsbuddy-cli/cmd/speak.go:315.2,315.24 1 1
github.com/ngelik/ttsbuddy-cli/cmd/speak.go:315.24,317.3 1 1
github.com/ngelik/ttsbuddy-cli/cmd/speak.go:320.2,321.23 2 1
github.com/ngelik/ttsbuddy-cli/cmd/speak.go:321.23,323.3 1 1
github.com/ngelik/ttsbuddy-cli/cmd/speak.go:323.8,329.90 4 0
github.com/ngelik/ttsbuddy-cli/cmd/speak.go:329.90,331.4 1 0
github.com/ngelik/ttsbuddy-cli/cmd/speak.go:335.2,336.48 2 1
github.com/ngelik/ttsbuddy-cli/cmd/speak.go:336.48,338.3 1 0
github.com/ngelik/ttsbuddy-cli/cmd/speak.go:340.2,341.29 2 1
github.com/ngelik/ttsbuddy-cli/cmd/speak.go:341.29,343.3 1 1
github.com/ngelik/ttsbuddy-cli/cmd/speak.go:345.2,345.75 1 1
github.com/ngelik/ttsbuddy-cli/cmd/speak.go:345.75,350.3 3 0
github.com/ngelik/ttsbuddy-cli/cmd/speak.go:352.2,356.60 3 1
github.com/ngelik/ttsbuddy-cli/cmd/speak.go:356.60,358.3 1 1
github.com/ngelik/ttsbuddy-cli/cmd/speak.go:360.2,360.12 1 1
github.com/ngelik/ttsbuddy-cli/cmd/speak.go:363.82,368.16 4 1
github.com/ngelik/ttsbuddy-cli/cmd/speak.go:368.16,370.3 1 0
github.com/ngelik/ttsbuddy-cli/cmd/speak.go:372.2,373.16 2 1
github.com/ngelik/ttsbuddy-cli/cmd/speak.go:373.16,374.23 1 0
github.com/ngelik/ttsbuddy-cli/cmd/speak.go:374.23,377.4 2 0
github.com/ngelik/ttsbuddy-cli/cmd/speak.go:378.3,378.77 1 0
github.com/ngelik/ttsbuddy-cli/cmd/speak.go:380.2,382.28 2 1
github.com/ngelik/ttsbuddy-cli/cmd/speak.go:382.28,384.3 1 0
github.com/ngelik/ttsbuddy-cli/cmd/speak.go:386.2,387.36 2 1
github.com/ngelik/ttsbuddy-cli/cmd/speak.go:387.36,390.3 2 0
github.com/ngelik/ttsbuddy-cli/cmd/speak.go:391.2,391.12 1 1
github.com/ngelik/ttsbuddy-cli/cmd/speak.go:400.107,406.12 5 1
github.com/ngelik/ttsbuddy-cli/cmd/speak.go:406.12,408.3 1 1
github.com/ngelik/ttsbuddy-cli/cmd/speak.go:409.2,409.14 1 1
github.com/ngelik/ttsbuddy-cli/cmd/speak.go:409.14,411.3 1 0
github.com/ngelik/ttsbuddy-cli/cmd/speak.go:412.2,412.13 1 1
github.com/ngelik/ttsbuddy-cli/cmd/speak.go:412.13,414.3 1 1
github.com/ngelik/ttsbuddy-cli/cmd/speak.go:416.2,416.18 1 1
github.com/ngelik/ttsbuddy-cli/cmd/speak.go:416.18,418.45 2 1
github.com/ngelik/ttsbuddy-cli/cmd/speak.go:418.45,421.4 2 0
github.com/ngelik/ttsbuddy-cli/cmd/speak.go:422.3,422.132 1 1
github.com/ngelik/ttsbuddy-cli/cmd/speak.go:425.2,425.17 1 1
github.com/ngelik/ttsbuddy-cli/cmd/speak.go:425.17,427.3 1 1
github.com/ngelik/ttsbuddy-cli/cmd/speak.go:429.2,429.12 1 1
github.com/ngelik/ttsbuddy-cli/cmd/speak.go:429.12,431.3 1 1
github.com/ngelik/ttsbuddy-cli/cmd/speak.go:433.2,433.14 1 1
github.com/ngelik/ttsbuddy-cli/cmd/speak.go:433.14,436.3 2 0
github.com/ngelik/ttsbuddy-cli/cmd/speak.go:439.2,440.20 2 1
github.com/ngelik/ttsbuddy-cli/cmd/speak.go:440.20,441.29 1 1
github.com/ngelik/ttsbuddy-cli/cmd/speak.go:441.29,443.4 1 1
github.com/ngelik/ttsbuddy-cli/cmd/speak.go:444.3,444.91 1 0
github.com/ngelik/ttsbuddy-cli/cmd/speak.go:446.2,449.20 3 1
github.com/ngelik/ttsbuddy-cli/cmd/speak.go:449.20,451.3 1 0
github.com/ngelik/ttsbuddy-cli/cmd/speak.go:452.2,452.30 1 1
github.com/ngelik/ttsbuddy-cli/cmd/speak.go:452.30,454.3 1 1
github.com/ngelik/ttsbuddy-cli/cmd/speak.go:456.2,457.20 2 1
github.com/ngelik/ttsbuddy-cli/cmd/speak.go:457.20,459.3 1 0
github.com/ngelik/ttsbuddy-cli/cmd/speak.go:460.2,460.38 1 1
github.com/ngelik/ttsbuddy-cli/cmd/speak.go:464.47,467.16 3 1
github.com/ngelik/ttsbuddy-cli/cmd/speak.go:467.16,469.3 1 0
github.com/ngelik/ttsbuddy-cli/cmd/speak.go:470.2,470.30 1 1
github.com/ngelik/ttsbuddy-cli/cmd/speak.go:470.30,472.3 1 1
github.com/ngelik/ttsbuddy-cli/cmd/speak.go:473.2,473.26 1 1
github.com/ngelik/ttsbuddy-cli/cmd/speak.go:476.39,479.2 2 1
github.com/ngelik/ttsbuddy-cli/cmd/speak.go:488.36,488.52 1 1
github.com/ngelik/ttsbuddy-cli/cmd/speak.go:490.50,492.29 2 1
github.com/ngelik/ttsbuddy-cli/cmd/speak.go:492.29,494.15 2 1
github.com/ngelik/ttsbuddy-cli/cmd/speak.go:495.26,496.95 1 1
github.com/ngelik/ttsbuddy-cli/cmd/speak.go:497.36,498.104 1 1
github.com/ngelik/ttsbuddy-cli/cmd/speak.go:499.27,500.113 1 1
github.com/ngelik/ttsbuddy-cli/cmd/speak.go:501.34,503.76 2 1
github.com/ngelik/ttsbuddy-cli/cmd/speak.go:503.76,504.82 1 0
github.com/ngelik/ttsbuddy-cli/cmd/speak.go:504.82,505.63 1 0
github.com/ngelik/ttsbuddy-cli/cmd/speak.go:505.63,507.7 1 0
github.com/ngelik/ttsbuddy-cli/cmd/speak.go:510.4,510.40 1 1
github.com/ngelik/ttsbuddy-cli/cmd/speak.go:511.27,512.99 1 1
github.com/ngelik/ttsbuddy-cli/cmd/speak.go:513.27,514.79 1 1
github.com/ngelik/ttsbuddy-cli/cmd/speak.go:515.25,516.135 1 1
github.com/ngelik/ttsbuddy-cli/cmd/speak.go:517.11,518.51 1 0
github.com/ngelik/ttsbuddy-cli/cmd/speak.go:521.2,521.77 1 0
github.com/ngelik/ttsbuddy-cli/cmd/speak.go:524.49,525.27 1 1
github.com/ngelik/ttsbuddy-cli/cmd/speak.go:525.27,527.3 1 1
github.com/ngelik/ttsbuddy-cli/cmd/speak.go:528.2,528.38 1 1
github.com/ngelik/ttsbuddy-cli/cmd/speak.go:533.55,535.2 1 1
github.com/ngelik/ttsbuddy-cli/cmd/speak.go:537.52,538.11 1 1
github.com/ngelik/ttsbuddy-cli/cmd/speak.go:538.11,540.3 1 1
github.com/ngelik/ttsbuddy-cli/cmd/speak.go:541.2,541.10 1 1
github.com/ngelik/ttsbuddy-cli/cmd/status.go:29.54,31.3 1 1
github.com/ngelik/ttsbuddy-cli/cmd/status.go:34.13,38.2 3 1
github.com/ngelik/ttsbuddy-cli/cmd/status.go:40.57,42.21 2 1
github.com/ngelik/ttsbuddy-cli/cmd/status.go:42.21,44.3 1 0
github.com/ngelik/ttsbuddy-cli/cmd/status.go:45.2,45.27 1 1
github.com/ngelik/ttsbuddy-cli/cmd/status.go:45.27,47.3 1 0
github.com/ngelik/ttsbuddy-cli/cmd/status.go:50.2,51.19 2 1
github.com/ngelik/ttsbuddy-cli/cmd/status.go:51.19,53.3 1 1
github.com/ngelik/ttsbuddy-cli/cmd/status.go:53.8,55.16 2 1
github.com/ngelik/ttsbuddy-cli/cmd/status.go:55.16,57.4 1 1
github.com/ngelik/ttsbuddy-cli/cmd/status.go:58.3,59.43 2 1
github.com/ngelik/ttsbuddy-cli/cmd/status.go:62.2,65.18 2 1
github.com/ngelik/ttsbuddy-cli/cmd/status.go:65.18,67.3 1 1
github.com/ngelik/ttsbuddy-cli/cmd/status.go:70.2,70.44 1 1
github.com/ngelik/ttsbuddy-cli/cmd/status.go:73.57,75.16 2 1
github.com/ngelik/ttsbuddy-cli/cmd/status.go:75.16,77.3 1 1
github.com/ngelik/ttsbuddy-cli/cmd/status.go:78.2,78.34 1 1
github.com/ngelik/ttsbuddy-cli/cmd/status.go:81.90,83.25 2 1
github.com/ngelik/ttsbuddy-cli/cmd/status.go:83.25,85.3 1 1
github.com/ngelik/ttsbuddy-cli/cmd/status.go:87.2,88.16 2 1
github.com/ngelik/ttsbuddy-cli/cmd/status.go:88.16,90.3 1 0
github.com/ngelik/ttsbuddy-cli/cmd/status.go:92.2,98.6 5 1
github.com/ngelik/ttsbuddy-cli/cmd/status.go:98.6,99.33 1 1
github.com/ngelik/ttsbuddy-cli/cmd/status.go:99.33,101.4 1 0
github.com/ngelik/ttsbuddy-cli/cmd/status.go:103.3,104.17 2 1
github.com/ngelik/ttsbuddy-cli/cmd/status.go:104.17,105.41 1 1
github.com/ngelik/ttsbuddy-cli/cmd/status.go:105.41,107.5 1 1
github.com/ngelik/ttsbuddy-cli/cmd/status.go:108.4,110.11 3 0
github.com/ngelik/ttsbuddy-cli/cmd/status.go:111.22,113.17 2 0
github.com/ngelik/ttsbuddy-cli/cmd/status.go:114.29,114.29 0 0
github.com/ngelik/ttsbuddy-cli/cmd/status.go:116.4,116.12 1 0
github.com/ngelik/ttsbuddy-cli/cmd/status.go:119.3,119.22 1 1
github.com/ngelik/ttsbuddy-cli/cmd/status.go:120.41,121.36 1 1
github.com/ngelik/ttsbuddy-cli/cmd/status.go:122.21,125.37 3 1
github.com/ngelik/ttsbuddy-cli/cmd/status.go:125.37,127.5 1 1
github.com/ngelik/ttsbuddy-cli/cmd/status.go:127.10,129.5 1 0
github.com/ngelik/ttsbuddy-cli/cmd/status.go:130.11,131.117 1 0
github.com/ngelik/ttsbuddy-cli/cmd/status.go:134.3,134.10 1 1
github.com/ngelik/ttsbuddy-cli/cmd/status.go:135.21,137.16 2 0
github.com/ngelik/ttsbuddy-cli/cmd/status.go:138.28,138.28 0 1
github.com/ngelik/ttsbuddy-cli/cmd/status.go:143.62,144.14 1 1
github.com/ngelik/ttsbuddy-cli/cmd/status.go:144.14,148.3 3 1
github.com/ngelik/ttsbuddy-cli/cmd/status.go:150.2,150.21 1 1
github.com/ngelik/ttsbuddy-cli/cmd/status.go:151.19,153.26 2 1
github.com/ngelik/ttsbuddy-cli/cmd/status.go:153.26,155.4 1 1
github.com/ngelik/ttsbuddy-cli/cmd/status.go:156.3,156.24 1 1
github.com/ngelik/ttsbuddy-cli/cmd/status.go:156.24,157.41 1 1
github.com/ngelik/ttsbuddy-cli/cmd/status.go:157.41,159.5 1 1
github.com/ngelik/ttsbuddy-cli/cmd/status.go:160.4,160.34 1 1
github.com/ngelik/ttsbuddy-cli/cmd/status.go:160.34,162.5 1 0
github.com/ngelik/ttsbuddy-cli/cmd/status.go:164.3,164.68 1 1
github.com/ngelik/ttsbuddy-cli/cmd/status.go:164.68,166.47 2 0
github.com/ngelik/ttsbuddy-cli/cmd/status.go:166.47,168.5 1 0
github.com/ngelik/ttsbuddy-cli/cmd/status.go:169.4,169.27 1 0
github.com/ngelik/ttsbuddy-cli/cmd/status.go:171.3,171.13 1 1
github.com/ngelik/ttsbuddy-cli/cmd/status.go:173.20,177.13 4 1
github.com/ngelik/ttsbuddy-cli/cmd/status.go:179.16,181.24 2 1
github.com/ngelik/ttsbuddy-cli/cmd/status.go:181.24,183.4 1 1
github.com/ngelik/ttsbuddy-cli/cmd/status.go:184.3,184.84 1 1
github.com/ngelik/ttsbuddy-cli/cmd/status.go:186.17,187.114 1 1
github.com/ngelik/ttsbuddy-cli/cmd/status.go:189.10,190.96 1 1
github.com/ngelik/ttsbuddy-cli/cmd/status.go:194.55,196.28 2 1
github.com/ngelik/ttsbuddy-cli/cmd/status.go:196.28,197.44 1 1
github.com/ngelik/ttsbuddy-cli/cmd/status.go:197.44,199.4 1 1
github.com/ngelik/ttsbuddy-cli/cmd/status.go:200.3,200.48 1 0
github.com/ngelik/ttsbuddy-cli/cmd/status.go:202.2,202.74 1 0
github.com/ngelik/ttsbuddy-cli/cmd/status.go:205.62,207.2 1 1
github.com/ngelik/ttsbuddy-cli/cmd/status.go:209.62,211.46 2 1
github.com/ngelik/ttsbuddy-cli/cmd/status.go:211.46,214.3 2 1
github.com/ngelik/ttsbuddy-cli/cmd/status.go:215.2,215.34 1 0
github.com/ngelik/ttsbuddy-cli/cmd/status.go:215.34,217.3 1 0
github.com/ngelik/ttsbuddy-cli/cmd/status.go:218.2,218.14 1 0
github.com/ngelik/ttsbuddy-cli/cmd/version.go:12.29,14.2 1 1
github.com/ngelik/ttsbuddy-cli/cmd/version.go:20.54,21.15 1 1
github.com/ngelik/ttsbuddy-cli/cmd/version.go:21.15,31.4 4 1
github.com/ngelik/ttsbuddy-cli/cmd/version.go:32.3,33.13 2 1
github.com/ngelik/ttsbuddy-cli/cmd/version.go:37.13,39.2 1 1
github.com/ngelik/ttsbuddy-cli/cmd/voices.go:24.54,27.16 2 1
github.com/ngelik/ttsbuddy-cli/cmd/voices.go:27.16,34.18 5 1
github.com/ngelik/ttsbuddy-cli/cmd/voices.go:34.18,37.5 2 1
github.com/ngelik/ttsbuddy-cli/cmd/voices.go:37.10,39.5 1 0
github.com/ngelik/ttsbuddy-cli/cmd/voices.go:40.9,42.4 1 1
github.com/ngelik/ttsbuddy-cli/cmd/voices.go:44.3,44.15 1 1
github.com/ngelik/ttsbuddy-cli/cmd/voices.go:44.15,48.4 3 1
github.com/ngelik/ttsbuddy-cli/cmd/voices.go:51.3,55.28 4 1
github.com/ngelik/ttsbuddy-cli/cmd/voices.go:55.28,57.18 2 1
github.com/ngelik/ttsbuddy-cli/cmd/voices.go:57.18,59.5 1 0
github.com/ngelik/ttsbuddy-cli/cmd/voices.go:60.4,60.72 1 1
github.com/ngelik/ttsbuddy-cli/cmd/voices.go:62.3,62.19 1 1
github.com/ngelik/ttsbuddy-cli/cmd/voices.go:66.13,69.2 2 1
